[Licensing::Module] Trying to connect to existing licensing client channel...
[Licensing::IpcConnector] Successfully connected to: "LicenseClient-ASRock" at "2025-12-21T16:18:25.4631386Z"
Built from '6000.3/staging' branch; Version is '6000.3.2f1 (a9779f353c9b) revision 11106207'; Using compiler version '194234433'; Build Type 'Release'
OS: 'Windows 11  (10.0.26200) 64bit Professional' Language: 'ru' Physical Memory: 32478 MB
BatchMode: 1, IsHumanControllingUs: 0, StartBugReporterOnCrash: 0, Is64bit: 1
Date: 2025-12-21T16:18:25Z

COMMAND LINE ARGUMENTS:
D:\Unity\6000.3.2f1\Editor\Unity.exe
-adb2
-batchMode
-noUpm
-name
AssetImportWorker1
-projectPath
D:/Little Rush!
-logFile
Logs/AssetImportWorker1.log
-srvPort
64453
-licensingIpc
LicenseClient-ASRock
-job-worker-count
9
-background-job-worker-count
8
-gc-helper-count
1
-name
AssetImport
Successfully changed project path to: D:/Little Rush!
D:/Little Rush!
[UnityMemory] Configuration Parameters - Can be set up in boot.config
    "memorysetup-temp-allocator-size-nav-mesh-worker=65536"
    "memorysetup-temp-allocator-size-audio-worker=65536"
    "memorysetup-temp-allocator-size-gfx=262144"
    "memorysetup-allocator-temp-initial-block-size-main=262144"
    "memorysetup-allocator-temp-initial-block-size-worker=262144"
    "memorysetup-temp-allocator-size-background-worker=32768"
    "memorysetup-temp-allocator-size-job-worker=262144"
    "memorysetup-temp-allocator-size-preload-manager=33554432"
    "memorysetup-temp-allocator-size-gi-baking-worker=262144"
    "memorysetup-temp-allocator-size-gi-baking-worker=262144"
    "memorysetup-temp-allocator-size-gi-baking-worker=262144"
    "memorysetup-temp-allocator-size-gi-baking-worker=262144"
    "memorysetup-temp-allocator-size-gi-baking-worker=262144"
    "memorysetup-bucket-allocator-granularity=16"
    "memorysetup-bucket-allocator-bucket-count=8"
    "memorysetup-bucket-allocator-block-size=33554432"
    "memorysetup-bucket-allocator-block-count=8"
    "memorysetup-main-allocator-block-size=16777216"
    "memorysetup-thread-allocator-block-size=16777216"
    "memorysetup-gfx-main-allocator-block-size=16777216"
    "memorysetup-gfx-thread-allocator-block-size=16777216"
    "memorysetup-cache-allocator-block-size=4194304"
    "memorysetup-typetree-allocator-block-size=2097152"
    "memorysetup-profiler-bucket-allocator-granularity=16"
    "memorysetup-profiler-bucket-allocator-bucket-count=8"
    "memorysetup-profiler-bucket-allocator-block-size=33554432"
    "memorysetup-profiler-bucket-allocator-block-count=8"
    "memorysetup-profiler-allocator-block-size=16777216"
    "memorysetup-profiler-editor-allocator-block-size=1048576"
    "memorysetup-temp-allocator-size-main=16777216"
    "memorysetup-job-temp-allocator-block-size=2097152"
    "memorysetup-job-temp-allocator-block-size-background=1048576"
    "memorysetup-job-temp-allocator-reduction-small-platforms=262144"
    "memorysetup-temp-allocator-size-cloud-worker=32768"
Player connection [19800]  Target information:

Player connection [19800]  * "[IP] 192.168.100.10 [Port] 0 [Flags] 2 [Guid] 483070328 [EditorId] 483070328 [Version] 1048832 [Id] WindowsEditor(7,ASRock-PC27) [Debug] 1 [PackageName] WindowsEditor [ProjectName] Editor" 

Player connection [19800] Host joined multi-casting on [225.0.0.222:54997]...
Player connection [19800] Host joined alternative multi-casting on [225.0.0.222:34997]...
JobSystem: Creating JobQueue using job-worker-count value 9
Input System module state changed to: Initialized.
[Physics::Module] Initialized fallback backend.
[Physics::Module] Id: 0xdecafbad
Library Redirect Path: Library/
[Physics::Module] Selected backend.
[Physics::Module] Name: PhysX
[Physics::Module] Id: 0xf2b8ea05
[Physics::Module] SDK Version: 4.1.2
[Physics::Module] Integration Version: 1.0.0
[Physics::Module] Threading Mode: Multi-Threaded
Refreshing native plugins compatible for Editor in 2.00 ms, found 3 plugins.
Preloading 0 native plugins for Editor in 0.00 ms.
Initialize engine version: 6000.3.2f1 (a9779f353c9b)
[Subsystems] Discovering subsystems at path D:/Unity/6000.3.2f1/Editor/Data/Resources/UnitySubsystems
[Subsystems] Discovering subsystems at path D:/Little Rush!/Assets
GfxDevice: creating device client; kGfxThreadingModeNonThreaded
Direct3D:
    Version:  Direct3D 11.0 [level 11.1]
    Renderer: NVIDIA GeForce RTX 3070 Ti (ID=0x2482)
    Vendor:   NVIDIA
    VRAM:     8018 MB
    Driver:   32.0.15.7688
Initialize mono
Mono path[0] = 'D:/Unity/6000.3.2f1/Editor/Data/Managed'
Mono path[1] = 'D:/Unity/6000.3.2f1/Editor/Data/MonoBleedingEdge/lib/mono/unityjit-win32'
Mono config path = 'D:/Unity/6000.3.2f1/Editor/Data/MonoBleedingEdge/etc'
Using monoOptions --debugger-agent=transport=dt_socket,embedding=1,server=y,suspend=n,address=127.0.0.1:56320
Begin MonoManager ReloadAssembly
Registering precompiled unity dll's ...
Register platform support module: D:/Unity/6000.3.2f1/Editor/Data/PlaybackEngines/WindowsStandaloneSupport/UnityEditor.WindowsStandalone.Extensions.dll
[Licensing::Module] Licensing is not yet initialized.
[Licensing::Client] Handshaking with LicensingClient:
  Version:                 1.17.4+4293ba1
  Session Id:              5e843fbf02354ed5b36521ad8e7cc4bb
  Correlation Id:          1c4f656918f00876dd8519b55597177c
  External correlation Id: 4781201259452445983
  Machine Id:              ffyDOhg6qpus+wgZKyV83McTARk=
[Licensing::Module] Successfully connected to LicensingClient on channel: "LicenseClient-ASRock" (connect: 0.00s, validation: 0.00s, handshake: 1.49s)
[Licensing::IpcConnector] Successfully connected to: "LicenseClient-ASRock-notifications" at "2025-12-21T16:18:26.9568785Z"
[Licensing::Module] Licensing Background thread has ended after 1.49s
[Licensing::Module] Licensing is initialized (took 0.62s).
[Licensing::Client] Successfully resolved entitlement details
[Licensing::Module] License group:
  Id: F4-PG26-BGYS-M5XU-E2PJ-XXXX
  Product: Unity Personal
  Type: ULF
  Expiration: Unlimited
[Licensing::Module] License group:
  Id: 7971760023286-UnityPersXXXX
  Product: Unity Personal
  Type: Assigned
  Expiration: Unlimited
Register platform support module: D:/Unity/6000.3.2f1/Editor/Data/PlaybackEngines/MetroSupport/UnityEditor.UWP.Extensions.dll
Registered in 0.621458 seconds.
- Loaded All Assemblies, in  1.072 seconds
Native extension for UWP target not found
Native extension for WindowsStandalone target not found
Mono: successfully reloaded assembly
- Finished resetting the current domain, in  0.321 seconds
Domain Reload Profiling: 1393ms
	BeginReloadAssembly (251ms)
		ExecutionOrderSort (0ms)
		DisableScriptedObjects (0ms)
		BackupInstance (0ms)
		ReleaseScriptingObjects (0ms)
		CreateAndSetChildDomain (1ms)
	RebuildCommonClasses (34ms)
	RebuildNativeTypeToScriptingClass (14ms)
	initialDomainReloadingComplete (649ms)
	LoadAllAssembliesAndSetupDomain (123ms)
		LoadAssemblies (251ms)
		RebuildTransferFunctionScriptingTraits (0ms)
		AnalyzeDomain (121ms)
			TypeCache.Refresh (120ms)
				TypeCache.ScanAssembly (110ms)
			BuildScriptInfoCaches (0ms)
			ResolveRequiredComponents (0ms)
	FinalizeReload (321ms)
		ReleaseScriptCaches (0ms)
		RebuildScriptCaches (0ms)
		SetupLoadedEditorAssemblies (285ms)
			LogAssemblyErrors (0ms)
			InitializePlatformSupportModulesInManaged (33ms)
			SetLoadedEditorAssemblies (3ms)
			BeforeProcessingInitializeOnLoad (72ms)
			ProcessInitializeOnLoadAttributes (122ms)
			ProcessInitializeOnLoadMethodAttributes (55ms)
			AfterProcessingInitializeOnLoad (0ms)
			EditorAssembliesLoaded (0ms)
		ExecutionOrderSort2 (0ms)
		AwakeInstancesAfterBackupRestoration (0ms)
========================================================================
Worker process is ready to serve import requests
Import Worker Mode flag is 0x00
Begin MonoManager ReloadAssembly
[Licensing::Client] Successfully resolved entitlement details
[Licensing::Module] License group:
  Id: F4-PG26-BGYS-M5XU-E2PJ-XXXX
  Product: Unity Personal
  Type: ULF
  Expiration: Unlimited
[Licensing::Module] License group:
  Id: 7971760023286-UnityPersXXXX
  Product: Unity Personal
  Type: Assigned
  Expiration: Unlimited
Symbol file LoadedFromMemory is not a mono symbol file
- Loaded All Assemblies, in  0.714 seconds
Script 'GridLayout' has the same name as built-in Unity component.
AddComponent and GetComponent will not work with this script.
'Packages/com.coffee.ui-effect/Runtime/Timeline/Base/UIEffectTimelineUtils.cs' contains partial class of Unity.Object, exactly 1 of the partial classes needs to be in a file with the same filename. This is to know the one that can be referenced from ie. GameObjects
'Packages/com.coffee.ui-effect/Runtime/Timeline/Base/UIEffectTimelineUtils.cs' contains partial class of Unity.Object, exactly 1 of the partial classes needs to be in a file with the same filename. This is to know the one that can be referenced from ie. GameObjects
Refreshing native plugins compatible for Editor in 1.00 ms, found 3 plugins.
Native extension for UWP target not found
Native extension for WindowsStandalone target not found
Package Manager log level set to [2]
[Package Manager] Failed to launch server process. Reason: Unity was launched with the -noUpm command-line argument
[Package Manager] Unable to send message (not connected to server process).
[Package Manager] Cannot connect to Unity Package Manager local server
[MODES] ModeService[none].Initialize
[MODES] ModeService[none].LoadModes
[MODES] Loading mode Default (0) for mode-current-id-Little Rush!
Mono: successfully reloaded assembly
- Finished resetting the current domain, in  0.675 seconds
Domain Reload Profiling: 1389ms
	BeginReloadAssembly (171ms)
		ExecutionOrderSort (0ms)
		DisableScriptedObjects (3ms)
		BackupInstance (0ms)
		ReleaseScriptingObjects (0ms)
		CreateAndSetChildDomain (22ms)
	RebuildCommonClasses (27ms)
	RebuildNativeTypeToScriptingClass (10ms)
	initialDomainReloadingComplete (26ms)
	LoadAllAssembliesAndSetupDomain (479ms)
		LoadAssemblies (358ms)
		RebuildTransferFunctionScriptingTraits (0ms)
		AnalyzeDomain (237ms)
			TypeCache.Refresh (182ms)
				TypeCache.ScanAssembly (167ms)
			BuildScriptInfoCaches (41ms)
			ResolveRequiredComponents (10ms)
	FinalizeReload (676ms)
		ReleaseScriptCaches (0ms)
		RebuildScriptCaches (0ms)
		SetupLoadedEditorAssemblies (523ms)
			LogAssemblyErrors (0ms)
			InitializePlatformSupportModulesInManaged (2ms)
			SetLoadedEditorAssemblies (4ms)
			BeforeProcessingInitializeOnLoad (130ms)
			ProcessInitializeOnLoadAttributes (299ms)
			ProcessInitializeOnLoadMethodAttributes (87ms)
			AfterProcessingInitializeOnLoad (1ms)
			EditorAssembliesLoaded (0ms)
		ExecutionOrderSort2 (0ms)
		AwakeInstancesAfterBackupRestoration (4ms)
Launched and connected shader compiler UnityShaderCompiler.exe after 0.01 seconds
Refreshing native plugins compatible for Editor in 1.27 ms, found 3 plugins.
Preloading 0 native plugins for Editor in 0.00 ms.
Unloading 17 Unused Serialized files (Serialized files now loaded: 0)
Unloading 8602 unused Assets / (5.1 MB). Loaded Objects now: 9443.
Memory consumption went from 165.1 MB to 159.9 MB.
Total: 11.255600 ms (FindLiveObjects: 0.785000 ms CreateObjectMapping: 0.646900 ms MarkObjects: 6.464300 ms  DeleteObjects: 3.358100 ms)

========================================================================
Received Import Request.
  Time since last request: 421531.784138 seconds.
  path: Assets/Plugins/Zenject/OptionalExtras/SampleGame1 (Beginner)/Media/Imported/Rocks/meshes
  artifactKey: Guid(54ece40b2bc071747b609dbf0fe68db6) Importer(2089858483,b0f066a214c2f5e87bad3c948f4d605d)
Start importing Assets/Plugins/Zenject/OptionalExtras/SampleGame1 (Beginner)/Media/Imported/Rocks/meshes using Guid(54ece40b2bc071747b609dbf0fe68db6) Importer(2089858483,b0f066a214c2f5e87bad3c948f4d605d) (ScriptedImporter) -> (artifact id: '14e18dded0ba3767c263b49efa05c1c2') in 0.0500751 seconds
Number of updated asset objects reloaded before import = 0Number of asset objects unloaded after import = 1

========================================================================
Received Import Request.
  Time since last request: 0.000018 seconds.
  path: Assets/Plugins/Zenject/OptionalExtras/IntegrationTests/Factories/Resources/TestGameObjectFactoryZero
  artifactKey: Guid(92fdd4ba79b70d64d85ce208f81fb876) Importer(2089858483,b0f066a214c2f5e87bad3c948f4d605d)
Start importing Assets/Plugins/Zenject/OptionalExtras/IntegrationTests/Factories/Resources/TestGameObjectFactoryZero using Guid(92fdd4ba79b70d64d85ce208f81fb876) Importer(2089858483,b0f066a214c2f5e87bad3c948f4d605d) (ScriptedImporter) -> (artifact id: 'a6818d2f7455d589907b35b6bd5fedfa') in 0.0034669 seconds
Number of updated asset objects reloaded before import = 0Number of asset objects unloaded after import = 1

========================================================================
Received Import Request.
  Time since last request: 0.000016 seconds.
  path: Assets/CustomPackages/Package.Extensions/Animations
  artifactKey: Guid(a65d81956dd6423fb5eadaaccff1915a) Importer(2089858483,b0f066a214c2f5e87bad3c948f4d605d)
Start importing Assets/CustomPackages/Package.Extensions/Animations using Guid(a65d81956dd6423fb5eadaaccff1915a) Importer(2089858483,b0f066a214c2f5e87bad3c948f4d605d) (ScriptedImporter) -> (artifact id: 'd49098302d56779f64935e06ed8362a9') in 0.0033289 seconds
Number of updated asset objects reloaded before import = 0Number of asset objects unloaded after import = 1

========================================================================
Received Import Request.
  Time since last request: 0.000015 seconds.
  path: Assets/AddressableAssetsData
  artifactKey: Guid(6d9202082734d7f419726752534e3d06) Importer(2089858483,b0f066a214c2f5e87bad3c948f4d605d)
Start importing Assets/AddressableAssetsData using Guid(6d9202082734d7f419726752534e3d06) Importer(2089858483,b0f066a214c2f5e87bad3c948f4d605d) (ScriptedImporter) -> (artifact id: 'b64796c8c1a88e9f5048d5f762cdff86') in 0.0034657 seconds
Number of updated asset objects reloaded before import = 0Number of asset objects unloaded after import = 1

========================================================================
Received Import Request.
  Time since last request: 0.000020 seconds.
  path: Assets/Plugins/NaughtyAttributes/Samples/DemoScene
  artifactKey: Guid(afb4c815411c28b449e61fbaa1a8bfa3) Importer(2089858483,b0f066a214c2f5e87bad3c948f4d605d)
Start importing Assets/Plugins/NaughtyAttributes/Samples/DemoScene using Guid(afb4c815411c28b449e61fbaa1a8bfa3) Importer(2089858483,b0f066a214c2f5e87bad3c948f4d605d) (ScriptedImporter) -> (artifact id: 'f43c85a01157e151e2caaa8736d80dde') in 0.0031161 seconds
Number of updated asset objects reloaded before import = 0Number of asset objects unloaded after import = 1

========================================================================
Received Import Request.
  Time since last request: 0.000051 seconds.
  path: Assets/Plugins/Zenject/Source
  artifactKey: Guid(9180a9720c42cb94f9b30a7c0c938d90) Importer(2089858483,b0f066a214c2f5e87bad3c948f4d605d)
Start importing Assets/Plugins/Zenject/Source using Guid(9180a9720c42cb94f9b30a7c0c938d90) Importer(2089858483,b0f066a214c2f5e87bad3c948f4d605d) (ScriptedImporter) -> (artifact id: '067beefa7dcf32baeec094630328b219') in 0.0032205 seconds
Number of updated asset objects reloaded before import = 0Number of asset objects unloaded after import = 1

========================================================================
Received Import Request.
  Time since last request: 0.000017 seconds.
  path: Assets/Features/Global/Effects
  artifactKey: Guid(4006464da8e94a5b9cb34d97ea0c2745) Importer(2089858483,b0f066a214c2f5e87bad3c948f4d605d)
Start importing Assets/Features/Global/Effects using Guid(4006464da8e94a5b9cb34d97ea0c2745) Importer(2089858483,b0f066a214c2f5e87bad3c948f4d605d) (ScriptedImporter) -> (artifact id: '20df37663740e3bd37c63e9d774ebcb6') in 0.0029548 seconds
Number of updated asset objects reloaded before import = 0Number of asset objects unloaded after import = 1

========================================================================
Received Import Request.
  Time since last request: 0.000015 seconds.
  path: Assets/Plugins/SerializedCollections/Editor/Scripts/KeyListGenerators
  artifactKey: Guid(d74b279cd03ebfb4ca7d2606f3f4f11e) Importer(2089858483,b0f066a214c2f5e87bad3c948f4d605d)
Start importing Assets/Plugins/SerializedCollections/Editor/Scripts/KeyListGenerators using Guid(d74b279cd03ebfb4ca7d2606f3f4f11e) Importer(2089858483,b0f066a214c2f5e87bad3c948f4d605d) (ScriptedImporter) -> (artifact id: '5ad7966dd68d69df7db051b4820a9402') in 0.003207 seconds
Number of updated asset objects reloaded before import = 0Number of asset objects unloaded after import = 1

========================================================================
Received Import Request.
  Time since last request: 0.000049 seconds.
  path: Assets/Plugins/Zenject/Source/Binding/Binders/Factory/FactoryFromBinder/SubContainerBinder
  artifactKey: Guid(17d1fc460074cfc419ffecab2a7e97e8) Importer(2089858483,b0f066a214c2f5e87bad3c948f4d605d)
Start importing Assets/Plugins/Zenject/Source/Binding/Binders/Factory/FactoryFromBinder/SubContainerBinder using Guid(17d1fc460074cfc419ffecab2a7e97e8) Importer(2089858483,b0f066a214c2f5e87bad3c948f4d605d) (ScriptedImporter) -> (artifact id: 'ba09797c96f0b0afda120303e0bdc1a6') in 0.0029251 seconds
Number of updated asset objects reloaded before import = 0Number of asset objects unloaded after import = 1

========================================================================
Received Import Request.
  Time since last request: 0.000014 seconds.
  path: Assets/Plugins/Zenject/OptionalExtras/UnitTests
  artifactKey: Guid(7378a2249be3cab40bbebc680d8a6122) Importer(2089858483,b0f066a214c2f5e87bad3c948f4d605d)
Start importing Assets/Plugins/Zenject/OptionalExtras/UnitTests using Guid(7378a2249be3cab40bbebc680d8a6122) Importer(2089858483,b0f066a214c2f5e87bad3c948f4d605d) (ScriptedImporter) -> (artifact id: 'e2b9afceb99aa1698772cbe9e98df7fe') in 0.0031302 seconds
Number of updated asset objects reloaded before import = 0Number of asset objects unloaded after import = 1

========================================================================
Received Import Request.
  Time since last request: 0.000019 seconds.
  path: Assets/InputSystem_Actions.inputactions
  artifactKey: Guid(052faaac586de48259a63d0c4782560b) Importer(815301076,1909f56bfc062723c751e8b465ee728b)
Start importing Assets/InputSystem_Actions.inputactions using Guid(052faaac586de48259a63d0c4782560b) Importer(815301076,1909f56bfc062723c751e8b465ee728b) (PreviewImporter) -> (artifact id: '6a5f0d982793c018da557ae5a6da305c') in 0.0277728 seconds
Number of updated asset objects reloaded before import = 0Number of asset objects unloaded after import = 20

========================================================================
Received Import Request.
  Time since last request: 0.000035 seconds.
  path: Assets/Plugins/UniTask/Runtime/Linq/UnityExtensions
  artifactKey: Guid(454b90c274fb7ed47b6de79451f20f33) Importer(2089858483,b0f066a214c2f5e87bad3c948f4d605d)
Start importing Assets/Plugins/UniTask/Runtime/Linq/UnityExtensions using Guid(454b90c274fb7ed47b6de79451f20f33) Importer(2089858483,b0f066a214c2f5e87bad3c948f4d605d) (ScriptedImporter) -> (artifact id: '9583d2e4f160c98dc49895ce5b7a5c08') in 0.002883 seconds
Number of updated asset objects reloaded before import = 0Number of asset objects unloaded after import = 1

========================================================================
Received Import Request.
  Time since last request: 0.000019 seconds.
  path: Assets/CustomPackages/Package.Extensions/UI
  artifactKey: Guid(d4db5911f0ab14eaf8ffabeb015630e5) Importer(2089858483,b0f066a214c2f5e87bad3c948f4d605d)
Start importing Assets/CustomPackages/Package.Extensions/UI using Guid(d4db5911f0ab14eaf8ffabeb015630e5) Importer(2089858483,b0f066a214c2f5e87bad3c948f4d605d) (ScriptedImporter) -> (artifact id: '9c70dd5b5f73c0853c9e5f2ffe4aeb82') in 0.0032207 seconds
Number of updated asset objects reloaded before import = 0Number of asset objects unloaded after import = 1

========================================================================
Received Import Request.
  Time since last request: 0.000013 seconds.
  path: Assets/Plugins/Zenject/OptionalExtras/SampleGame2 (Advanced)/Scripts/Installers
  artifactKey: Guid(578ceac11e9188244b4d0db534cb351a) Importer(2089858483,b0f066a214c2f5e87bad3c948f4d605d)
Start importing Assets/Plugins/Zenject/OptionalExtras/SampleGame2 (Advanced)/Scripts/Installers using Guid(578ceac11e9188244b4d0db534cb351a) Importer(2089858483,b0f066a214c2f5e87bad3c948f4d605d) (ScriptedImporter) -> (artifact id: '43b91b61bc3c44a5eeef8e3930f450e7') in 0.0030493 seconds
Number of updated asset objects reloaded before import = 0Number of asset objects unloaded after import = 1

========================================================================
Received Import Request.
  Time since last request: 0.000016 seconds.
  path: Assets/Scenes
  artifactKey: Guid(9c53962885c2c4f449125a979d6ad240) Importer(815301076,1909f56bfc062723c751e8b465ee728b)
Start importing Assets/Scenes using Guid(9c53962885c2c4f449125a979d6ad240) Importer(815301076,1909f56bfc062723c751e8b465ee728b) (PreviewImporter) -> (artifact id: '28e4fd8f8e077b8a77cc01d6d3ed5d60') in 0.0005928 seconds
Number of updated asset objects reloaded before import = 0Number of asset objects unloaded after import = 0

========================================================================
Received Import Request.
  Time since last request: 0.000013 seconds.
  path: Assets/Plugins/UniRx/Scripts/Notifiers
  artifactKey: Guid(619cbba6e68184c9488b7f5be04881c3) Importer(2089858483,b0f066a214c2f5e87bad3c948f4d605d)
Start importing Assets/Plugins/UniRx/Scripts/Notifiers using Guid(619cbba6e68184c9488b7f5be04881c3) Importer(2089858483,b0f066a214c2f5e87bad3c948f4d605d) (ScriptedImporter) -> (artifact id: 'f9dd6df4ed6da0100237cffde45c7008') in 0.0030285 seconds
Number of updated asset objects reloaded before import = 0Number of asset objects unloaded after import = 1

========================================================================
Received Import Request.
  Time since last request: 0.000013 seconds.
  path: Assets/TextMesh Pro/Sprites
  artifactKey: Guid(d0603b6d5186471b96c778c3949c7ce2) Importer(2089858483,b0f066a214c2f5e87bad3c948f4d605d)
Start importing Assets/TextMesh Pro/Sprites using Guid(d0603b6d5186471b96c778c3949c7ce2) Importer(2089858483,b0f066a214c2f5e87bad3c948f4d605d) (ScriptedImporter) -> (artifact id: 'f8816f29e70928b7985b02d2011a0d19') in 0.0018966 seconds
Number of updated asset objects reloaded before import = 0Number of asset objects unloaded after import = 1

========================================================================
Received Import Request.
  Time since last request: 0.000024 seconds.
  path: Assets/AddressableAssetsData/AddressableAssetSettings.asset
  artifactKey: Guid(b7ce8fde4c0ae674b9432d002d732d47) Importer(815301076,1909f56bfc062723c751e8b465ee728b)
Start importing Assets/AddressableAssetsData/AddressableAssetSettings.asset using Guid(b7ce8fde4c0ae674b9432d002d732d47) Importer(815301076,1909f56bfc062723c751e8b465ee728b) (PreviewImporter) -> (artifact id: '021127d4836dc3c1834f03babc386514') in 0.0006907 seconds
Number of updated asset objects reloaded before import = 0Number of asset objects unloaded after import = 0

========================================================================
Received Import Request.
  Time since last request: 0.000014 seconds.
  path: Assets/Plugins/Zenject/Source/Editor/EditorWindow
  artifactKey: Guid(bd8d602c69b71714babee52a2d454aed) Importer(2089858483,b0f066a214c2f5e87bad3c948f4d605d)
Start importing Assets/Plugins/Zenject/Source/Editor/EditorWindow using Guid(bd8d602c69b71714babee52a2d454aed) Importer(2089858483,b0f066a214c2f5e87bad3c948f4d605d) (ScriptedImporter) -> (artifact id: '894a8e570e13bad96020160be6d7ccd5') in 0.0022149 seconds
Number of updated asset objects reloaded before import = 0Number of asset objects unloaded after import = 1

========================================================================
Received Import Request.
  Time since last request: 0.000012 seconds.
  path: Assets/Plugins/SerializedCollections
  artifactKey: Guid(a6c87ebdcce7645de906335c616ad27d) Importer(2089858483,b0f066a214c2f5e87bad3c948f4d605d)
Start importing Assets/Plugins/SerializedCollections using Guid(a6c87ebdcce7645de906335c616ad27d) Importer(2089858483,b0f066a214c2f5e87bad3c948f4d605d) (ScriptedImporter) -> (artifact id: 'b6f6a974cef073e8b70f61da08a6a973') in 0.0019339 seconds
Number of updated asset objects reloaded before import = 0Number of asset objects unloaded after import = 1

========================================================================
Received Import Request.
  Time since last request: 0.000015 seconds.
  path: Assets/Plugins/Zenject/OptionalExtras/IntegrationTests/Bindings/TestFromNewScriptableObjectResource
  artifactKey: Guid(dbe191c1fd499d24f872e3615dd5dc90) Importer(2089858483,b0f066a214c2f5e87bad3c948f4d605d)
Start importing Assets/Plugins/Zenject/OptionalExtras/IntegrationTests/Bindings/TestFromNewScriptableObjectResource using Guid(dbe191c1fd499d24f872e3615dd5dc90) Importer(2089858483,b0f066a214c2f5e87bad3c948f4d605d) (ScriptedImporter) -> (artifact id: '152851612aa45431c0c54af753a31339') in 0.0023546 seconds
Number of updated asset objects reloaded before import = 0Number of asset objects unloaded after import = 1

========================================================================
Received Import Request.
  Time since last request: 0.000011 seconds.
  path: Assets/Plugins/Zenject/OptionalExtras/IntegrationTests/Factories/Resources/TestBindFactory
  artifactKey: Guid(14e8d31130cd8a34bae61af0491d300d) Importer(2089858483,b0f066a214c2f5e87bad3c948f4d605d)
Start importing Assets/Plugins/Zenject/OptionalExtras/IntegrationTests/Factories/Resources/TestBindFactory using Guid(14e8d31130cd8a34bae61af0491d300d) Importer(2089858483,b0f066a214c2f5e87bad3c948f4d605d) (ScriptedImporter) -> (artifact id: '1f5f72af0b6fa9f084b53f7e3a00bdf1') in 0.0027438 seconds
Number of updated asset objects reloaded before import = 0Number of asset objects unloaded after import = 1

========================================================================
Received Import Request.
  Time since last request: 0.000013 seconds.
  path: Assets/TextMesh Pro
  artifactKey: Guid(14b96cce543cc684184dbd2528456534) Importer(2089858483,b0f066a214c2f5e87bad3c948f4d605d)
Start importing Assets/TextMesh Pro using Guid(14b96cce543cc684184dbd2528456534) Importer(2089858483,b0f066a214c2f5e87bad3c948f4d605d) (ScriptedImporter) -> (artifact id: '0224a6a513e3885d9707f43c6913f501') in 0.0022482 seconds
Number of updated asset objects reloaded before import = 0Number of asset objects unloaded after import = 1

========================================================================
Received Import Request.
  Time since last request: 0.000014 seconds.
  path: Assets/Plugins/Zenject/Source/Factories/Pooling/Util
  artifactKey: Guid(6214acccd2e0c2044921cc068fb3d0a6) Importer(2089858483,b0f066a214c2f5e87bad3c948f4d605d)
Start importing Assets/Plugins/Zenject/Source/Factories/Pooling/Util using Guid(6214acccd2e0c2044921cc068fb3d0a6) Importer(2089858483,b0f066a214c2f5e87bad3c948f4d605d) (ScriptedImporter) -> (artifact id: 'ea66104c9effb05914eacf7ea9fc0ee1') in 0.0021349 seconds
Number of updated asset objects reloaded before import = 0Number of asset objects unloaded after import = 1

========================================================================
Received Import Request.
  Time since last request: 0.000020 seconds.
  path: Assets/Plugins/UniTask/Runtime
  artifactKey: Guid(311ddb47eec177543832398a854775c2) Importer(2089858483,b0f066a214c2f5e87bad3c948f4d605d)
Start importing Assets/Plugins/UniTask/Runtime using Guid(311ddb47eec177543832398a854775c2) Importer(2089858483,b0f066a214c2f5e87bad3c948f4d605d) (ScriptedImporter) -> (artifact id: '55ba907e9fb704d184c117ce2bb04657') in 0.0019744 seconds
Number of updated asset objects reloaded before import = 0Number of asset objects unloaded after import = 1

========================================================================
Received Import Request.
  Time since last request: 0.000013 seconds.
  path: Assets/Plugins/Zenject/OptionalExtras/IntegrationTests/Misc/TestAnimationStateBehaviourInject/Resources
  artifactKey: Guid(a9fbadf517d44c046b6b93cdfb71a41f) Importer(2089858483,b0f066a214c2f5e87bad3c948f4d605d)
Start importing Assets/Plugins/Zenject/OptionalExtras/IntegrationTests/Misc/TestAnimationStateBehaviourInject/Resources using Guid(a9fbadf517d44c046b6b93cdfb71a41f) Importer(2089858483,b0f066a214c2f5e87bad3c948f4d605d) (ScriptedImporter) -> (artifact id: 'b31f38bd70bacd3dc9c16a84b9f66afe') in 0.0020358 seconds
Number of updated asset objects reloaded before import = 0Number of asset objects unloaded after import = 1

========================================================================
Received Import Request.
  Time since last request: 0.000017 seconds.
  path: Assets/Plugins/UniTask/Runtime/External/DOTween
  artifactKey: Guid(6292f9ac020dc504b8a95459593b8998) Importer(2089858483,b0f066a214c2f5e87bad3c948f4d605d)
Start importing Assets/Plugins/UniTask/Runtime/External/DOTween using Guid(6292f9ac020dc504b8a95459593b8998) Importer(2089858483,b0f066a214c2f5e87bad3c948f4d605d) (ScriptedImporter) -> (artifact id: 'baccf191bb984cda8da2e8264af5c6a2') in 0.0021899 seconds
Number of updated asset objects reloaded before import = 0Number of asset objects unloaded after import = 1

========================================================================
Received Import Request.
  Time since last request: 0.000010 seconds.
  path: Assets/Plugins/SerializedCollections/Editor/Scripts/Utility
  artifactKey: Guid(9ce09595c06b9854abdd9a22a57e16bd) Importer(2089858483,b0f066a214c2f5e87bad3c948f4d605d)
Start importing Assets/Plugins/SerializedCollections/Editor/Scripts/Utility using Guid(9ce09595c06b9854abdd9a22a57e16bd) Importer(2089858483,b0f066a214c2f5e87bad3c948f4d605d) (ScriptedImporter) -> (artifact id: '4d483c3442d98f2c9328ec13faa85437') in 0.0019867 seconds
Number of updated asset objects reloaded before import = 0Number of asset objects unloaded after import = 1

========================================================================
Received Import Request.
  Time since last request: 0.000015 seconds.
  path: Assets/Features/Global/Rewards
  artifactKey: Guid(8f21eed7c9f74b9799dd8f19b0845cdf) Importer(2089858483,b0f066a214c2f5e87bad3c948f4d605d)
Start importing Assets/Features/Global/Rewards using Guid(8f21eed7c9f74b9799dd8f19b0845cdf) Importer(2089858483,b0f066a214c2f5e87bad3c948f4d605d) (ScriptedImporter) -> (artifact id: '0aa4b5044ae6857696367b29c4341230') in 0.0019269 seconds
Number of updated asset objects reloaded before import = 0Number of asset objects unloaded after import = 1

========================================================================
Received Import Request.
  Time since last request: 0.000012 seconds.
  path: Assets/Plugins/Zenject/OptionalExtras/Signals/Internal/Binders/DeclareSignal
  artifactKey: Guid(7fe74811bfda2ef4ca9791eab479b27a) Importer(2089858483,b0f066a214c2f5e87bad3c948f4d605d)
Start importing Assets/Plugins/Zenject/OptionalExtras/Signals/Internal/Binders/DeclareSignal using Guid(7fe74811bfda2ef4ca9791eab479b27a) Importer(2089858483,b0f066a214c2f5e87bad3c948f4d605d) (ScriptedImporter) -> (artifact id: '21dacc212874931f4d8271bee8c11337') in 0.0027245 seconds
Number of updated asset objects reloaded before import = 0Number of asset objects unloaded after import = 1

========================================================================
Received Import Request.
  Time since last request: 0.000012 seconds.
  path: Assets/Plugins/Zenject/OptionalExtras/UnitTests/Editor/Factories
  artifactKey: Guid(dc0d4125f5cf5cd45b5d13defb47da01) Importer(2089858483,b0f066a214c2f5e87bad3c948f4d605d)
Start importing Assets/Plugins/Zenject/OptionalExtras/UnitTests/Editor/Factories using Guid(dc0d4125f5cf5cd45b5d13defb47da01) Importer(2089858483,b0f066a214c2f5e87bad3c948f4d605d) (ScriptedImporter) -> (artifact id: '065040bdd3b96e0e9d40973352131f12') in 0.0028396 seconds
Number of updated asset objects reloaded before import = 0Number of asset objects unloaded after import = 1

========================================================================
Received Import Request.
  Time since last request: 0.000010 seconds.
  path: Assets/Plugins/Zenject/OptionalExtras/Signals/Main
  artifactKey: Guid(ebb190b1462cf04478644ba25fb51df0) Importer(2089858483,b0f066a214c2f5e87bad3c948f4d605d)
Start importing Assets/Plugins/Zenject/OptionalExtras/Signals/Main using Guid(ebb190b1462cf04478644ba25fb51df0) Importer(2089858483,b0f066a214c2f5e87bad3c948f4d605d) (ScriptedImporter) -> (artifact id: 'c92f675f0c9daddeba09145df02e9a94') in 0.0023735 seconds
Number of updated asset objects reloaded before import = 0Number of asset objects unloaded after import = 1

========================================================================
Received Import Request.
  Time since last request: 0.000011 seconds.
  path: Assets/CustomPackages/Package.Logging/Editor/Scripts/Resources
  artifactKey: Guid(2926ba5c5f79643b1a5eda66affd8064) Importer(2089858483,b0f066a214c2f5e87bad3c948f4d605d)
Start importing Assets/CustomPackages/Package.Logging/Editor/Scripts/Resources using Guid(2926ba5c5f79643b1a5eda66affd8064) Importer(2089858483,b0f066a214c2f5e87bad3c948f4d605d) (ScriptedImporter) -> (artifact id: '6449ce8915ae39048b7ce61e769194dd') in 0.0022515 seconds
Number of updated asset objects reloaded before import = 0Number of asset objects unloaded after import = 1

========================================================================
Received Import Request.
  Time since last request: 0.000012 seconds.
  path: Assets/Features/Global/Camera
  artifactKey: Guid(02d50106b93147feb0020c03bd052e1c) Importer(2089858483,b0f066a214c2f5e87bad3c948f4d605d)
Start importing Assets/Features/Global/Camera using Guid(02d50106b93147feb0020c03bd052e1c) Importer(2089858483,b0f066a214c2f5e87bad3c948f4d605d) (ScriptedImporter) -> (artifact id: '654945c84c24508c1fb9906c24759f7f') in 0.0022889 seconds
Number of updated asset objects reloaded before import = 0Number of asset objects unloaded after import = 1

========================================================================
Received Import Request.
  Time since last request: 0.000018 seconds.
  path: Assets/Plugins/Zenject/OptionalExtras/UnitTests/Editor
  artifactKey: Guid(1d55b2694c783d147a989babca92c7bf) Importer(2089858483,b0f066a214c2f5e87bad3c948f4d605d)
Start importing Assets/Plugins/Zenject/OptionalExtras/UnitTests/Editor using Guid(1d55b2694c783d147a989babca92c7bf) Importer(2089858483,b0f066a214c2f5e87bad3c948f4d605d) (ScriptedImporter) -> (artifact id: 'f4d4df16d812793960b1c3b103fa7f14') in 0.0037767 seconds
Number of updated asset objects reloaded before import = 0Number of asset objects unloaded after import = 1

========================================================================
Received Import Request.
  Time since last request: 0.000012 seconds.
  path: Assets/Plugins/Zenject/OptionalExtras/SampleGame2 (Advanced)/Resources/SpaceFighter
  artifactKey: Guid(47e7c4af6b407724daffa76ababbeb5e) Importer(2089858483,b0f066a214c2f5e87bad3c948f4d605d)
Start importing Assets/Plugins/Zenject/OptionalExtras/SampleGame2 (Advanced)/Resources/SpaceFighter using Guid(47e7c4af6b407724daffa76ababbeb5e) Importer(2089858483,b0f066a214c2f5e87bad3c948f4d605d) (ScriptedImporter) -> (artifact id: '584943c7b9305c6906f1ff9772c7b404') in 0.0019801 seconds
Number of updated asset objects reloaded before import = 0Number of asset objects unloaded after import = 1

========================================================================
Received Import Request.
  Time since last request: 0.000011 seconds.
  path: Assets/Plugins/Zenject/OptionalExtras/SampleGame1 (Beginner)/Media/Meshes/Materials
  artifactKey: Guid(f31de9209466a124a979ef5667e4ee75) Importer(2089858483,b0f066a214c2f5e87bad3c948f4d605d)
Start importing Assets/Plugins/Zenject/OptionalExtras/SampleGame1 (Beginner)/Media/Meshes/Materials using Guid(f31de9209466a124a979ef5667e4ee75) Importer(2089858483,b0f066a214c2f5e87bad3c948f4d605d) (ScriptedImporter) -> (artifact id: '41ebc5ce0aa881f89e6a2b0b2f80e06d') in 0.0019642 seconds
Number of updated asset objects reloaded before import = 0Number of asset objects unloaded after import = 1

========================================================================
Received Import Request.
  Time since last request: 0.000010 seconds.
  path: Assets/Plugins/MackySoft/MackySoft.SerializeReferenceExtensions/Editor
  artifactKey: Guid(05bf4d06d512f4243a97ed4de4c8c4cf) Importer(2089858483,b0f066a214c2f5e87bad3c948f4d605d)
Start importing Assets/Plugins/MackySoft/MackySoft.SerializeReferenceExtensions/Editor using Guid(05bf4d06d512f4243a97ed4de4c8c4cf) Importer(2089858483,b0f066a214c2f5e87bad3c948f4d605d) (ScriptedImporter) -> (artifact id: 'a15ce2a20480a98563f5884dc99a4804') in 0.0022019 seconds
Number of updated asset objects reloaded before import = 0Number of asset objects unloaded after import = 1

========================================================================
Received Import Request.
  Time since last request: 0.000011 seconds.
  path: Assets/Plugins/Zenject/Source/Binding/Binders/Factory/FactoryArgumentsToChoiceBinder
  artifactKey: Guid(3fd0e848e31df144fbbeab59a2c137e2) Importer(2089858483,b0f066a214c2f5e87bad3c948f4d605d)
Start importing Assets/Plugins/Zenject/Source/Binding/Binders/Factory/FactoryArgumentsToChoiceBinder using Guid(3fd0e848e31df144fbbeab59a2c137e2) Importer(2089858483,b0f066a214c2f5e87bad3c948f4d605d) (ScriptedImporter) -> (artifact id: '41258325afd34dc60019aef045ffaf4a') in 0.0021282 seconds
Number of updated asset objects reloaded before import = 0Number of asset objects unloaded after import = 1

========================================================================
Received Import Request.
  Time since last request: 0.000018 seconds.
  path: Assets/Plugins/Zenject/Source/Providers/ComponentProviders/AddToGameObjectComponentProviders
  artifactKey: Guid(5a0ec9eb479742940a10701ec8a1d087) Importer(2089858483,b0f066a214c2f5e87bad3c948f4d605d)
Start importing Assets/Plugins/Zenject/Source/Providers/ComponentProviders/AddToGameObjectComponentProviders using Guid(5a0ec9eb479742940a10701ec8a1d087) Importer(2089858483,b0f066a214c2f5e87bad3c948f4d605d) (ScriptedImporter) -> (artifact id: 'ea171268df62561cf27874bb0ece9f06') in 0.0018656 seconds
Number of updated asset objects reloaded before import = 0Number of asset objects unloaded after import = 1

========================================================================
Received Import Request.
  Time since last request: 0.000011 seconds.
  path: Assets/Plugins/Zenject/OptionalExtras/IntegrationTests
  artifactKey: Guid(f8d518813058ccd4c8ce2eb0a99748b5) Importer(2089858483,b0f066a214c2f5e87bad3c948f4d605d)
Start importing Assets/Plugins/Zenject/OptionalExtras/IntegrationTests using Guid(f8d518813058ccd4c8ce2eb0a99748b5) Importer(2089858483,b0f066a214c2f5e87bad3c948f4d605d) (ScriptedImporter) -> (artifact id: 'e516b159797a599924d3ccfcbd561000') in 0.001995 seconds
Number of updated asset objects reloaded before import = 0Number of asset objects unloaded after import = 1

========================================================================
Received Import Request.
  Time since last request: 0.000012 seconds.
  path: Assets/Features/Global/AssetManagement
  artifactKey: Guid(0c08bfab90f14d18b34d804f1a74f60f) Importer(2089858483,b0f066a214c2f5e87bad3c948f4d605d)
Start importing Assets/Features/Global/AssetManagement using Guid(0c08bfab90f14d18b34d804f1a74f60f) Importer(2089858483,b0f066a214c2f5e87bad3c948f4d605d) (ScriptedImporter) -> (artifact id: '559543d0bbcad3b054cb026d3752f976') in 0.0025022 seconds
Number of updated asset objects reloaded before import = 0Number of asset objects unloaded after import = 1

========================================================================
Received Import Request.
  Time since last request: 0.000017 seconds.
  path: Assets/TextMesh Pro/Shaders
  artifactKey: Guid(e9f693669af91aa45ad615fc681ed29f) Importer(2089858483,b0f066a214c2f5e87bad3c948f4d605d)
Start importing Assets/TextMesh Pro/Shaders using Guid(e9f693669af91aa45ad615fc681ed29f) Importer(2089858483,b0f066a214c2f5e87bad3c948f4d605d) (ScriptedImporter) -> (artifact id: '6e1b7815787b4c84b1fd8055d85440b9') in 0.0024755 seconds
Number of updated asset objects reloaded before import = 0Number of asset objects unloaded after import = 1

========================================================================
Received Import Request.
  Time since last request: 0.000023 seconds.
  path: Assets/Plugins/Zenject/Source/Binding/Binders/ConcreteBinders
  artifactKey: Guid(b3b29de51c8625443984cbd926505d00) Importer(2089858483,b0f066a214c2f5e87bad3c948f4d605d)
Start importing Assets/Plugins/Zenject/Source/Binding/Binders/ConcreteBinders using Guid(b3b29de51c8625443984cbd926505d00) Importer(2089858483,b0f066a214c2f5e87bad3c948f4d605d) (ScriptedImporter) -> (artifact id: 'c9016527401a249ff5542e512615f42c') in 0.0024989 seconds
Number of updated asset objects reloaded before import = 0Number of asset objects unloaded after import = 1

========================================================================
Received Import Request.
  Time since last request: 0.000014 seconds.
  path: Assets/Plugins/NaughtyAttributes/Scripts
  artifactKey: Guid(66686847ee1fa044bb15dfe473666178) Importer(2089858483,b0f066a214c2f5e87bad3c948f4d605d)
Start importing Assets/Plugins/NaughtyAttributes/Scripts using Guid(66686847ee1fa044bb15dfe473666178) Importer(2089858483,b0f066a214c2f5e87bad3c948f4d605d) (ScriptedImporter) -> (artifact id: 'd4dfe9ad08fac5be1904872a6343f1da') in 0.0020853 seconds
Number of updated asset objects reloaded before import = 0Number of asset objects unloaded after import = 1

========================================================================
Received Import Request.
  Time since last request: 0.000013 seconds.
  path: Assets/Plugins/Zenject/Source/Usage
  artifactKey: Guid(a5896143fdd47624ebc6ddd933f1ed1b) Importer(2089858483,b0f066a214c2f5e87bad3c948f4d605d)
Start importing Assets/Plugins/Zenject/Source/Usage using Guid(a5896143fdd47624ebc6ddd933f1ed1b) Importer(2089858483,b0f066a214c2f5e87bad3c948f4d605d) (ScriptedImporter) -> (artifact id: '4d7651c4d9997b6b265c496411ece417') in 0.0021709 seconds
Number of updated asset objects reloaded before import = 0Number of asset objects unloaded after import = 1

========================================================================
Received Import Request.
  Time since last request: 0.000013 seconds.
  path: Assets/TextMesh Pro/Resources
  artifactKey: Guid(243e06394e614e5d99fab26083b707fa) Importer(2089858483,b0f066a214c2f5e87bad3c948f4d605d)
Start importing Assets/TextMesh Pro/Resources using Guid(243e06394e614e5d99fab26083b707fa) Importer(2089858483,b0f066a214c2f5e87bad3c948f4d605d) (ScriptedImporter) -> (artifact id: '4f57fa4bda5029d63c2b53751723f982') in 0.0025029 seconds
Number of updated asset objects reloaded before import = 0Number of asset objects unloaded after import = 1

========================================================================
Received Import Request.
  Time since last request: 0.000013 seconds.
  path: Assets/Features/Global/AssetManagement/Services
  artifactKey: Guid(f90aa6fa08f843ecbe0a266cf9f68c61) Importer(2089858483,b0f066a214c2f5e87bad3c948f4d605d)
Start importing Assets/Features/Global/AssetManagement/Services using Guid(f90aa6fa08f843ecbe0a266cf9f68c61) Importer(2089858483,b0f066a214c2f5e87bad3c948f4d605d) (ScriptedImporter) -> (artifact id: '5aa89b6becd6a04ad9d9c32814518e72') in 0.0023118 seconds
Number of updated asset objects reloaded before import = 0Number of asset objects unloaded after import = 1

========================================================================
Received Import Request.
  Time since last request: 0.000011 seconds.
  path: Assets/Features/Global/SceneService
  artifactKey: Guid(9688fd630ced4426822c8109fbf7bc52) Importer(2089858483,b0f066a214c2f5e87bad3c948f4d605d)
Start importing Assets/Features/Global/SceneService using Guid(9688fd630ced4426822c8109fbf7bc52) Importer(2089858483,b0f066a214c2f5e87bad3c948f4d605d) (ScriptedImporter) -> (artifact id: '29879ecf6350beeda3fffb22569f480c') in 0.0020593 seconds
Number of updated asset objects reloaded before import = 0Number of asset objects unloaded after import = 1

========================================================================
Received Import Request.
  Time since last request: 0.000012 seconds.
  path: Assets/Features/Global/UI/Scripts/Presenters
  artifactKey: Guid(a04c2d7846d24468a3cf874bb95e99e6) Importer(2089858483,b0f066a214c2f5e87bad3c948f4d605d)
Start importing Assets/Features/Global/UI/Scripts/Presenters using Guid(a04c2d7846d24468a3cf874bb95e99e6) Importer(2089858483,b0f066a214c2f5e87bad3c948f4d605d) (ScriptedImporter) -> (artifact id: '9f75d595fb0765987b42e8a8b2e414ff') in 0.0022372 seconds
Number of updated asset objects reloaded before import = 0Number of asset objects unloaded after import = 1

========================================================================
Received Import Request.
  Time since last request: 0.000013 seconds.
  path: Assets/Plugins/IngameDebugConsole/Sprites/Unused
  artifactKey: Guid(f6caae32d463529478f2186f47c2e3fe) Importer(2089858483,b0f066a214c2f5e87bad3c948f4d605d)
Start importing Assets/Plugins/IngameDebugConsole/Sprites/Unused using Guid(f6caae32d463529478f2186f47c2e3fe) Importer(2089858483,b0f066a214c2f5e87bad3c948f4d605d) (ScriptedImporter) -> (artifact id: '86a67bd6363a78c721c7fd21ee366f5a') in 0.0021121 seconds
Number of updated asset objects reloaded before import = 0Number of asset objects unloaded after import = 1

========================================================================
Received Import Request.
  Time since last request: 0.000018 seconds.
  path: Assets/Plugins/Zenject/Source/Editor/SceneParentLoading
  artifactKey: Guid(8b93c2560e2014a4893f387eb7690dbd) Importer(2089858483,b0f066a214c2f5e87bad3c948f4d605d)
Start importing Assets/Plugins/Zenject/Source/Editor/SceneParentLoading using Guid(8b93c2560e2014a4893f387eb7690dbd) Importer(2089858483,b0f066a214c2f5e87bad3c948f4d605d) (ScriptedImporter) -> (artifact id: '549bc422388aab8e165a44a90d8d5a4f') in 0.0025515 seconds
Number of updated asset objects reloaded before import = 0Number of asset objects unloaded after import = 1

========================================================================
Received Import Request.
  Time since last request: 0.000014 seconds.
  path: Assets/Features/Global/UI/Scripts/Installer
  artifactKey: Guid(c035228aafba4eb38d09110b8486975e) Importer(2089858483,b0f066a214c2f5e87bad3c948f4d605d)
Start importing Assets/Features/Global/UI/Scripts/Installer using Guid(c035228aafba4eb38d09110b8486975e) Importer(2089858483,b0f066a214c2f5e87bad3c948f4d605d) (ScriptedImporter) -> (artifact id: '2b4520842f02b223dbda8101b4d148a1') in 0.0026567 seconds
Number of updated asset objects reloaded before import = 0Number of asset objects unloaded after import = 1

========================================================================
Received Import Request.
  Time since last request: 0.000012 seconds.
  path: Assets/Plugins/Asset Cleaner/Utils
  artifactKey: Guid(8f9623ba76cbf214994b7b865c65f362) Importer(2089858483,b0f066a214c2f5e87bad3c948f4d605d)
Start importing Assets/Plugins/Asset Cleaner/Utils using Guid(8f9623ba76cbf214994b7b865c65f362) Importer(2089858483,b0f066a214c2f5e87bad3c948f4d605d) (ScriptedImporter) -> (artifact id: '3209457c860d2c3d9212e33a2d3eceeb') in 0.002029 seconds
Number of updated asset objects reloaded before import = 0Number of asset objects unloaded after import = 1

========================================================================
Received Import Request.
  Time since last request: 0.000013 seconds.
  path: Assets/Features/Global/UI/Configs
  artifactKey: Guid(2dc1a9e27fb45404cb58d81cc3dbe65d) Importer(2089858483,b0f066a214c2f5e87bad3c948f4d605d)
Start importing Assets/Features/Global/UI/Configs using Guid(2dc1a9e27fb45404cb58d81cc3dbe65d) Importer(2089858483,b0f066a214c2f5e87bad3c948f4d605d) (ScriptedImporter) -> (artifact id: '76f9ed22d9f5f1f56a4126f81536281e') in 0.0025935 seconds
Number of updated asset objects reloaded before import = 0Number of asset objects unloaded after import = 1

========================================================================
Received Import Request.
  Time since last request: 0.000012 seconds.
  path: Assets/Settings
  artifactKey: Guid(709f11a7f3c4041caa4ef136ea32d874) Importer(2089858483,b0f066a214c2f5e87bad3c948f4d605d)
Start importing Assets/Settings using Guid(709f11a7f3c4041caa4ef136ea32d874) Importer(2089858483,b0f066a214c2f5e87bad3c948f4d605d) (ScriptedImporter) -> (artifact id: 'a74787046af4793bee11381527aee5ca') in 0.0028426 seconds
Number of updated asset objects reloaded before import = 0Number of asset objects unloaded after import = 1

========================================================================
Received Import Request.
  Time since last request: 0.000011 seconds.
  path: Assets/Plugins/MackySoft/MackySoft.SerializeReferenceExtensions/Runtime
  artifactKey: Guid(0c72b84bc35f1fd49808ffdfda17a27f) Importer(2089858483,b0f066a214c2f5e87bad3c948f4d605d)
Start importing Assets/Plugins/MackySoft/MackySoft.SerializeReferenceExtensions/Runtime using Guid(0c72b84bc35f1fd49808ffdfda17a27f) Importer(2089858483,b0f066a214c2f5e87bad3c948f4d605d) (ScriptedImporter) -> (artifact id: '61fade904bd21d73fa3b63725fabfe2b') in 0.0026316 seconds
Number of updated asset objects reloaded before import = 0Number of asset objects unloaded after import = 1

========================================================================
Received Import Request.
  Time since last request: 0.000012 seconds.
  path: Assets/Features/Global/Camera/Scripts/Installer
  artifactKey: Guid(bf4a6a4f20184925bc46fadeef06470b) Importer(2089858483,b0f066a214c2f5e87bad3c948f4d605d)
Start importing Assets/Features/Global/Camera/Scripts/Installer using Guid(bf4a6a4f20184925bc46fadeef06470b) Importer(2089858483,b0f066a214c2f5e87bad3c948f4d605d) (ScriptedImporter) -> (artifact id: 'fe7bea8aecb7ec89fbd98d32861de687') in 0.0023774 seconds
Number of updated asset objects reloaded before import = 0Number of asset objects unloaded after import = 1

========================================================================
Received Import Request.
  Time since last request: 0.000012 seconds.
  path: Assets/Features/Global/UI/Scripts/MonoComponents
  artifactKey: Guid(e8b5668999c54416908c3f4feff1e658) Importer(2089858483,b0f066a214c2f5e87bad3c948f4d605d)
Start importing Assets/Features/Global/UI/Scripts/MonoComponents using Guid(e8b5668999c54416908c3f4feff1e658) Importer(2089858483,b0f066a214c2f5e87bad3c948f4d605d) (ScriptedImporter) -> (artifact id: 'c5bac82a3a83c23a46fc410cb3cc8a6b') in 0.002727 seconds
Number of updated asset objects reloaded before import = 0Number of asset objects unloaded after import = 1

========================================================================
Received Import Request.
  Time since last request: 0.000029 seconds.
  path: Assets/CustomPackages/Package.Logging/Editor/Scripts
  artifactKey: Guid(72f33abcea0ba46279486689379f92ce) Importer(2089858483,b0f066a214c2f5e87bad3c948f4d605d)
Start importing Assets/CustomPackages/Package.Logging/Editor/Scripts using Guid(72f33abcea0ba46279486689379f92ce) Importer(2089858483,b0f066a214c2f5e87bad3c948f4d605d) (ScriptedImporter) -> (artifact id: '76a8b5c834761a768b5b2c73e136d487') in 0.0026862 seconds
Number of updated asset objects reloaded before import = 0Number of asset objects unloaded after import = 1

========================================================================
Received Import Request.
  Time since last request: 0.000017 seconds.
  path: Assets/Plugins/Zenject/OptionalExtras/IntegrationTests/Bindings/TestFromGameObjectInstaller
  artifactKey: Guid(dcd70555f30b7b546896efe5cd27daea) Importer(2089858483,b0f066a214c2f5e87bad3c948f4d605d)
Start importing Assets/Plugins/Zenject/OptionalExtras/IntegrationTests/Bindings/TestFromGameObjectInstaller using Guid(dcd70555f30b7b546896efe5cd27daea) Importer(2089858483,b0f066a214c2f5e87bad3c948f4d605d) (ScriptedImporter) -> (artifact id: 'a02bae8ab4b77b27869b66d9c5fef705') in 0.002907 seconds
Number of updated asset objects reloaded before import = 0Number of asset objects unloaded after import = 1

========================================================================
Received Import Request.
  Time since last request: 0.000017 seconds.
  path: Assets/Features/Player/Scripts/Configs
  artifactKey: Guid(9ed5119402484777b9963ba4f108c5f7) Importer(2089858483,b0f066a214c2f5e87bad3c948f4d605d)
Start importing Assets/Features/Player/Scripts/Configs using Guid(9ed5119402484777b9963ba4f108c5f7) Importer(2089858483,b0f066a214c2f5e87bad3c948f4d605d) (ScriptedImporter) -> (artifact id: '613e4493f2b363dcb5ad5e6dcd42b0be') in 0.0027044 seconds
Number of updated asset objects reloaded before import = 0Number of asset objects unloaded after import = 1

========================================================================
Received Import Request.
  Time since last request: 0.000012 seconds.
  path: Assets/Plugins/Zenject/OptionalExtras/IntegrationTests/Resources
  artifactKey: Guid(5f5e7a7cd0f373948b5256b09f1bc999) Importer(2089858483,b0f066a214c2f5e87bad3c948f4d605d)
Start importing Assets/Plugins/Zenject/OptionalExtras/IntegrationTests/Resources using Guid(5f5e7a7cd0f373948b5256b09f1bc999) Importer(2089858483,b0f066a214c2f5e87bad3c948f4d605d) (ScriptedImporter) -> (artifact id: 'ba2d293fe92d56f5b466caab92bc865f') in 0.0023994 seconds
Number of updated asset objects reloaded before import = 0Number of asset objects unloaded after import = 1

========================================================================
Received Import Request.
  Time since last request: 0.000012 seconds.
  path: Assets/Plugins/Zenject/Source/Binding/Binders
  artifactKey: Guid(3e0d343c02f9d0a488a62abffae00ceb) Importer(2089858483,b0f066a214c2f5e87bad3c948f4d605d)
Start importing Assets/Plugins/Zenject/Source/Binding/Binders using Guid(3e0d343c02f9d0a488a62abffae00ceb) Importer(2089858483,b0f066a214c2f5e87bad3c948f4d605d) (ScriptedImporter) -> (artifact id: '21945c7e9a917965c5933d2883ba6aa7') in 0.0026428 seconds
Number of updated asset objects reloaded before import = 0Number of asset objects unloaded after import = 1

========================================================================
Received Import Request.
  Time since last request: 0.021176 seconds.
  path: Assets/AddressableAssetsData/DataBuilders
  artifactKey: Guid(f6d6e37f3d3080245808d2181fde6b74) Importer(2089858483,b0f066a214c2f5e87bad3c948f4d605d)
Start importing Assets/AddressableAssetsData/DataBuilders using Guid(f6d6e37f3d3080245808d2181fde6b74) Importer(2089858483,b0f066a214c2f5e87bad3c948f4d605d) (ScriptedImporter) -> (artifact id: 'fc8cf14eb067d2f0d51c56813952a3f1') in 0.0027926 seconds
Number of updated asset objects reloaded before import = 0Number of asset objects unloaded after import = 1

========================================================================
Received Import Request.
  Time since last request: 0.000017 seconds.
  path: Assets/Features/Global/UI/Scripts/Data
  artifactKey: Guid(5b984c69d13f49288d62ec5f1b6e0e2a) Importer(2089858483,b0f066a214c2f5e87bad3c948f4d605d)
Start importing Assets/Features/Global/UI/Scripts/Data using Guid(5b984c69d13f49288d62ec5f1b6e0e2a) Importer(2089858483,b0f066a214c2f5e87bad3c948f4d605d) (ScriptedImporter) -> (artifact id: '4cd78b7cdcb66a2f51be9cf9d54f4810') in 0.0027062 seconds
Number of updated asset objects reloaded before import = 0Number of asset objects unloaded after import = 1

========================================================================
Received Import Request.
  Time since last request: 0.000017 seconds.
  path: Assets/Plugins/UniTask/Runtime/External/TextMeshPro
  artifactKey: Guid(987c51d788d079a47b37d2ec2db9b70a) Importer(2089858483,b0f066a214c2f5e87bad3c948f4d605d)
Start importing Assets/Plugins/UniTask/Runtime/External/TextMeshPro using Guid(987c51d788d079a47b37d2ec2db9b70a) Importer(2089858483,b0f066a214c2f5e87bad3c948f4d605d) (ScriptedImporter) -> (artifact id: '1865650cab31b7b0d8bd642ed51d6bd1') in 0.0024298 seconds
Number of updated asset objects reloaded before import = 0Number of asset objects unloaded after import = 1

========================================================================
Received Import Request.
  Time since last request: 0.000011 seconds.
  path: Assets/Plugins/Asset Cleaner/Data
  artifactKey: Guid(4848aa5846cd6264c984dcc6cd9d72af) Importer(2089858483,b0f066a214c2f5e87bad3c948f4d605d)
Start importing Assets/Plugins/Asset Cleaner/Data using Guid(4848aa5846cd6264c984dcc6cd9d72af) Importer(2089858483,b0f066a214c2f5e87bad3c948f4d605d) (ScriptedImporter) -> (artifact id: '7f30437874e96d44eae9524f8d6fb3ef') in 0.0024779 seconds
Number of updated asset objects reloaded before import = 0Number of asset objects unloaded after import = 1

========================================================================
Received Import Request.
  Time since last request: 0.000011 seconds.
  path: Assets/ProjectSettings
  artifactKey: Guid(8dd6269b18a97e8408ec830cb9f38ce1) Importer(2089858483,b0f066a214c2f5e87bad3c948f4d605d)
Start importing Assets/ProjectSettings using Guid(8dd6269b18a97e8408ec830cb9f38ce1) Importer(2089858483,b0f066a214c2f5e87bad3c948f4d605d) (ScriptedImporter) -> (artifact id: '762f84579b02cb9061e6f3adb4c50ba4') in 0.0026677 seconds
Number of updated asset objects reloaded before import = 0Number of asset objects unloaded after import = 1

========================================================================
Received Import Request.
  Time since last request: 0.000014 seconds.
  path: Assets/Plugins/Zenject/OptionalExtras/Signals/Internal/Binders/BindSignal
  artifactKey: Guid(610ec45090eac884ba824be81ada42fb) Importer(2089858483,b0f066a214c2f5e87bad3c948f4d605d)
Start importing Assets/Plugins/Zenject/OptionalExtras/Signals/Internal/Binders/BindSignal using Guid(610ec45090eac884ba824be81ada42fb) Importer(2089858483,b0f066a214c2f5e87bad3c948f4d605d) (ScriptedImporter) -> (artifact id: 'ee803532e1b69df11f07466afc639776') in 0.0027182 seconds
Number of updated asset objects reloaded before import = 0Number of asset objects unloaded after import = 1

========================================================================
Received Import Request.
  Time since last request: 0.000015 seconds.
  path: Assets/Features/Global/Camera/Scripts/Configs
  artifactKey: Guid(3c80a20ff3474094b279ba6ca83bc97f) Importer(2089858483,b0f066a214c2f5e87bad3c948f4d605d)
Start importing Assets/Features/Global/Camera/Scripts/Configs using Guid(3c80a20ff3474094b279ba6ca83bc97f) Importer(2089858483,b0f066a214c2f5e87bad3c948f4d605d) (ScriptedImporter) -> (artifact id: '0b6217a5c06e1aa3831ccb928fca730f') in 0.0026679 seconds
Number of updated asset objects reloaded before import = 0Number of asset objects unloaded after import = 1

========================================================================
Received Import Request.
  Time since last request: 0.000012 seconds.
  path: Assets/AddressableAssetsData/AssetGroupTemplates
  artifactKey: Guid(d752c86282e4da54d83bc61ab7c7c746) Importer(2089858483,b0f066a214c2f5e87bad3c948f4d605d)
Start importing Assets/AddressableAssetsData/AssetGroupTemplates using Guid(d752c86282e4da54d83bc61ab7c7c746) Importer(2089858483,b0f066a214c2f5e87bad3c948f4d605d) (ScriptedImporter) -> (artifact id: 'aa024414cd377cfbf7adcd68684acdee') in 0.0022542 seconds
Number of updated asset objects reloaded before import = 0Number of asset objects unloaded after import = 1

========================================================================
Received Import Request.
  Time since last request: 0.000012 seconds.
  path: Assets/Scenes
  artifactKey: Guid(9c53962885c2c4f449125a979d6ad240) Importer(2089858483,b0f066a214c2f5e87bad3c948f4d605d)
Start importing Assets/Scenes using Guid(9c53962885c2c4f449125a979d6ad240) Importer(2089858483,b0f066a214c2f5e87bad3c948f4d605d) (ScriptedImporter) -> (artifact id: '9eb033abbcfd8d934fc559132e56027a') in 0.0024388 seconds
Number of updated asset objects reloaded before import = 0Number of asset objects unloaded after import = 1

========================================================================
Received Import Request.
  Time since last request: 0.000011 seconds.
  path: Assets/Plugins/Zenject/OptionalExtras/SampleGame2 (Advanced)/Scripts/Player
  artifactKey: Guid(7781c3596a2d16a4988f90c8511c1cef) Importer(2089858483,b0f066a214c2f5e87bad3c948f4d605d)
Start importing Assets/Plugins/Zenject/OptionalExtras/SampleGame2 (Advanced)/Scripts/Player using Guid(7781c3596a2d16a4988f90c8511c1cef) Importer(2089858483,b0f066a214c2f5e87bad3c948f4d605d) (ScriptedImporter) -> (artifact id: '905fe577ad5f221496344e4cc868d2e4') in 0.002102 seconds
Number of updated asset objects reloaded before import = 0Number of asset objects unloaded after import = 1

========================================================================
Received Import Request.
  Time since last request: 0.000022 seconds.
  path: Assets/AddressableAssetsData/AddressableAssetSettings.asset
  artifactKey: Guid(b7ce8fde4c0ae674b9432d002d732d47) Importer(2089858483,b0f066a214c2f5e87bad3c948f4d605d)
Start importing Assets/AddressableAssetsData/AddressableAssetSettings.asset using Guid(b7ce8fde4c0ae674b9432d002d732d47) Importer(2089858483,b0f066a214c2f5e87bad3c948f4d605d) (ScriptedImporter) -> (artifact id: '241a899b425ee12d12a54aaf66519d4c') in 0.0509153 seconds
Number of updated asset objects reloaded before import = 0Number of asset objects unloaded after import = 1

========================================================================
Received Import Request.
  Time since last request: 0.000015 seconds.
  path: Assets/Plugins/Zenject/OptionalExtras/IntegrationTests/Factories/Resources/TestPrefabFactory
  artifactKey: Guid(85b6419d8f7691d4ab703d71ae1baecd) Importer(2089858483,b0f066a214c2f5e87bad3c948f4d605d)
Start importing Assets/Plugins/Zenject/OptionalExtras/IntegrationTests/Factories/Resources/TestPrefabFactory using Guid(85b6419d8f7691d4ab703d71ae1baecd) Importer(2089858483,b0f066a214c2f5e87bad3c948f4d605d) (ScriptedImporter) -> (artifact id: 'd93ae89be79e1bfc4182d0de08637707') in 0.0031376 seconds
Number of updated asset objects reloaded before import = 0Number of asset objects unloaded after import = 1

========================================================================
Received Import Request.
  Time since last request: 0.000016 seconds.
  path: Assets/AddressableAssetsData/AssetGroups/Schemas
  artifactKey: Guid(cf1a676c2fd84dd42b6f3cc554f9e31c) Importer(2089858483,b0f066a214c2f5e87bad3c948f4d605d)
Start importing Assets/AddressableAssetsData/AssetGroups/Schemas using Guid(cf1a676c2fd84dd42b6f3cc554f9e31c) Importer(2089858483,b0f066a214c2f5e87bad3c948f4d605d) (ScriptedImporter) -> (artifact id: '9b8f0c33c1a7f2e07fd5562e8f0ae426') in 0.0020448 seconds
Number of updated asset objects reloaded before import = 0Number of asset objects unloaded after import = 1

========================================================================
Received Import Request.
  Time since last request: 0.000015 seconds.
  path: Assets/Plugins/Zenject/OptionalExtras/IntegrationTests/Resources/TestFromSubContainerPrefabResource
  artifactKey: Guid(9f7620038912f0441b615519297f0c0d) Importer(2089858483,b0f066a214c2f5e87bad3c948f4d605d)
Start importing Assets/Plugins/Zenject/OptionalExtras/IntegrationTests/Resources/TestFromSubContainerPrefabResource using Guid(9f7620038912f0441b615519297f0c0d) Importer(2089858483,b0f066a214c2f5e87bad3c948f4d605d) (ScriptedImporter) -> (artifact id: '75e8c0e1e1a4e0929ce8eca411a56764') in 0.0022729 seconds
Number of updated asset objects reloaded before import = 0Number of asset objects unloaded after import = 1

========================================================================
Received Import Request.
  Time since last request: 0.000016 seconds.
  path: Assets/Plugins/Zenject/OptionalExtras/SampleGame1 (Beginner)/Media/Imported/SpaceShip/Space_Shooter.fbm
  artifactKey: Guid(b9830f5b22545c44fbbc0f12db3c0591) Importer(2089858483,b0f066a214c2f5e87bad3c948f4d605d)
Start importing Assets/Plugins/Zenject/OptionalExtras/SampleGame1 (Beginner)/Media/Imported/SpaceShip/Space_Shooter.fbm using Guid(b9830f5b22545c44fbbc0f12db3c0591) Importer(2089858483,b0f066a214c2f5e87bad3c948f4d605d) (ScriptedImporter) -> (artifact id: '17615ecfbb8aaf27a97d944240801607') in 0.0022131 seconds
Number of updated asset objects reloaded before import = 0Number of asset objects unloaded after import = 1

========================================================================
Received Import Request.
  Time since last request: 0.000015 seconds.
  path: Assets/Plugins/Zenject/OptionalExtras/SampleGame1 (Beginner)/Media/Imported/Rocks/textures
  artifactKey: Guid(6fb1e67857c38f74cbe251871b9f34f7) Importer(2089858483,b0f066a214c2f5e87bad3c948f4d605d)
Start importing Assets/Plugins/Zenject/OptionalExtras/SampleGame1 (Beginner)/Media/Imported/Rocks/textures using Guid(6fb1e67857c38f74cbe251871b9f34f7) Importer(2089858483,b0f066a214c2f5e87bad3c948f4d605d) (ScriptedImporter) -> (artifact id: '2f39fdf783ec90a5701839cd20a624ce') in 0.0021207 seconds
Number of updated asset objects reloaded before import = 0Number of asset objects unloaded after import = 1

========================================================================
Received Import Request.
  Time since last request: 0.000016 seconds.
  path: Assets/Plugins/Zenject/OptionalExtras/IntegrationTests/Installers/TestScriptableObjectInstallers
  artifactKey: Guid(964fe850ecbb7ab4588f6d6fabfc401d) Importer(2089858483,b0f066a214c2f5e87bad3c948f4d605d)
Start importing Assets/Plugins/Zenject/OptionalExtras/IntegrationTests/Installers/TestScriptableObjectInstallers using Guid(964fe850ecbb7ab4588f6d6fabfc401d) Importer(2089858483,b0f066a214c2f5e87bad3c948f4d605d) (ScriptedImporter) -> (artifact id: '138a59458f0c97948a0685a836188923') in 0.0022085 seconds
Number of updated asset objects reloaded before import = 0Number of asset objects unloaded after import = 1

========================================================================
Received Import Request.
  Time since last request: 0.000023 seconds.
  path: Assets/Plugins/Zenject/OptionalExtras/SampleGame1 (Beginner)/Media/Fonts
  artifactKey: Guid(0958372920e5ce947b09867c51119580) Importer(2089858483,b0f066a214c2f5e87bad3c948f4d605d)
Start importing Assets/Plugins/Zenject/OptionalExtras/SampleGame1 (Beginner)/Media/Fonts using Guid(0958372920e5ce947b09867c51119580) Importer(2089858483,b0f066a214c2f5e87bad3c948f4d605d) (ScriptedImporter) -> (artifact id: '8b67bb84988cb50249c0184cb9bc1ccf') in 0.0022324 seconds
Number of updated asset objects reloaded before import = 0Number of asset objects unloaded after import = 1

========================================================================
Received Prepare
Script 'GridLayout' has the same name as built-in Unity component.
AddComponent and GetComponent will not work with this script.
'Packages/com.coffee.ui-effect/Runtime/Timeline/Base/UIEffectTimelineUtils.cs' contains partial class of Unity.Object, exactly 1 of the partial classes needs to be in a file with the same filename. This is to know the one that can be referenced from ie. GameObjects
'Packages/com.coffee.ui-effect/Runtime/Timeline/Base/UIEffectTimelineUtils.cs' contains partial class of Unity.Object, exactly 1 of the partial classes needs to be in a file with the same filename. This is to know the one that can be referenced from ie. GameObjects
Refreshing native plugins compatible for Editor in 2.83 ms, found 3 plugins.
Preloading 0 native plugins for Editor in 0.00 ms.
Unloading 17 Unused Serialized files (Serialized files now loaded: 0)
Unloading 8590 unused Assets / (5.3 MB). Loaded Objects now: 9446.
Memory consumption went from 163.6 MB to 158.3 MB.
Total: 16.951800 ms (FindLiveObjects: 1.300000 ms CreateObjectMapping: 1.418600 ms MarkObjects: 10.160800 ms  DeleteObjects: 4.071300 ms)

Prepare: number of updated asset objects reloaded= 0
Editor requested this worker to shutdown with reason: Scaling down because of idle timeout
AssetImportWorker is now disconnected from the server
Process exiting
Exiting without the bug reporter. Application will terminate with return code 0